


--------------------------------------
DOCK v6.13

Released July 2025
Copyright UCSF
--------------------------------------


Conformational Sampling Parameters
------------------------------------------------------------------------------------------
conformer_search_type                                        flex
write_fragment_libraries                                     no

Anchor & Grow Parameters
------------------------------------------------------------------------------------------
user_specified_anchor                                        no
limit_max_anchors                                            no
min_anchor_size                                              5
pruning_use_clustering                                       yes
pruning_max_orients                                          1000
pruning_clustering_cutoff                                    100
pruning_orient_score_cutoff                                  1000.0
pruning_conformer_score_cutoff                               100.0
pruning_conformer_score_scaling_factor                       1.0
use_clash_overlap                                            no
write_growth_tree                                            no

Internal Energy Parameters
------------------------------------------------------------------------------------------
use_internal_energy                                          yes
internal_energy_rep_exp                                      12
internal_energy_cutoff                                       100.0
Note: Internal energy only includes repulsive VDW for growth and/or minimization.

Molecule Library Input Parameters
------------------------------------------------------------------------------------------
ligand_atom_file                                             ligand_dock.mol2
limit_max_ligands                                            no
skip_molecule                                                no
read_mol_solvation                                           no
calculate_rmsd                                               no

Database Filter Parameters
------------------------------------------------------------------------------------------
use_database_filter                                          no

Orient Ligand Parameters
------------------------------------------------------------------------------------------
orient_ligand                                                yes
automated_matching                                           yes
receptor_site_file                                           selected_spheres.sph
max_orientations                                             500
critical_points                                              no
chemical_matching                                            no
use_ligand_spheres                                           no

Bump Filter Parameters
------------------------------------------------------------------------------------------
bump_filter                                                  no

Master Score Parameters
------------------------------------------------------------------------------------------
score_molecules                                              yes

Contact Score Parameters
------------------------------------------------------------------------------------------
contact_score_primary                                        no

Grid Score Parameters
------------------------------------------------------------------------------------------
grid_score_primary                                           yes
grid_score_rep_rad_scale                                     1
grid_score_vdw_scale                                         1
grid_score_es_scale                                          1
grid_lig_efficiency                                          no
grid_score_grid_prefix                                       grid

GIST Score Parameters
------------------------------------------------------------------------------------------

MultiGrid Score Parameters
------------------------------------------------------------------------------------------

Dock3.5 Score Parameters
------------------------------------------------------------------------------------------

Continuous Energy Score Parameters
------------------------------------------------------------------------------------------

Footprint Similarity Score Parameters
------------------------------------------------------------------------------------------

Pharmacophore Similarity Score Parameters
------------------------------------------------------------------------------------------

Hbond Energy Score Parameters
------------------------------------------------------------------------------------------

Internal Energy Score Parameters
------------------------------------------------------------------------------------------

Descriptor Score Parameters
------------------------------------------------------------------------------------------

Zou GB/SA Score Parameters
------------------------------------------------------------------------------------------

Hawkins GB/SA Score Parameters
------------------------------------------------------------------------------------------

SASA Score Parameters
------------------------------------------------------------------------------------------

Amber Score Parameters
------------------------------------------------------------------------------------------

Simplex Minimization Parameters
------------------------------------------------------------------------------------------
minimize_ligand                                              yes
minimize_anchor                                              yes
minimize_flexible_growth                                     yes
use_advanced_simplex_parameters                              no
minimize_flexible_growth_ramp                                yes
simplex_max_cycles                                           1
simplex_score_converge                                       0.1
simplex_initial_score_coverge                                5
simplex_cycle_converge                                       1.0
simplex_trans_step                                           1.0
simplex_rot_step                                             0.1
simplex_tors_step                                            10.0
simplex_anchor_max_iterations                                500
simplex_grow_max_iterations                                  250
simplex_grow_tors_premin_iterations                          0
simplex_final_min                                            no
simplex_random_seed                                          0
simplex_restraint_min                                        no

Atom Typing Parameters
------------------------------------------------------------------------------------------
atom_model                                                   a
vdw_defn_file                                                /home/jader/dock6/parameters/vdw_AMBER_parm99.defn
flex_defn_file                                               /home/jader/dock6/parameters/flex.defn
flex_drive_file                                              /home/jader/dock6/parameters/flex_drive.tbl

Molecule Library Output Parameters
------------------------------------------------------------------------------------------
ligand_outfile_prefix                                        dock6_run
write_mol_solvation                                          no
write_orientations                                           no
num_final_scored_poses                                       5
num_preclustered_conformers                                  5
write_conformations                                          no
cluster_conformations                                        yes
cluster_rmsd_threshold                                       2.0
score_threshold                                              100.0
rank_ligands                                                 no
------------------------------------------------------------------------------------------

Initializing Conformer Generator Routines...
Initializing Library File Routines...

Initializing Orienting Routines...
Initializing Grid Score Routines...
 Reading the energy grid from grid.nrg
 Done reading the energy grid.
 Reading the grid box quantifiers from grid.bmp
 Done reading the grid box quantifiers.

-----------------------------------
Molecule: ligand_dock.pdb

 Elapsed time for docking:	16.194 seconds

 Anchors:		3
 Orientations:		1500
 Conformations:		617

                          Grid_Score:          -57.999821
                     Grid_vdw_energy:          -44.501911
                      Grid_es_energy:          -13.497909
           Internal_energy_repulsive:           12.165823


1 Molecules Processed
Total elapsed time:	16.222 seconds
Number of molecules per second:	0.062
Virtual memory used for this process: 308320 kilobytes
Physical memory used for this process: 241140 kilobytes
